---
source: tests/app_tests.rs
expression: terminal.backend()
snapshot_kind: text
---
"                                     Tiny FE                                    "
"/tmp/tiny_fe                                                                    "
"┏━━━━━━━━━━━━━━━━━━━━━━━━━━━━━━━━━━━━━━━━━━━━━━━━━━━━━━━━━━━━━━━━━━━━━━━━━━━━━━┓"
"┃>../                                                                          ┃"
"┃ sub_dir/                                                                     ┃"
"┃ file_1.txt                                                                   ┃"
"┃ file_2.txt                                                                   ┃"
"┗━━━━━━━━━━━━━━━━━━━━━━━━━━━━━━━━━━━━━━━━━━━━━━━━━━━━━━━━━━━━━━━━━━━━━━━━━━━━━━┛"
" (d)irectory │ (f)recent                                                        "
"                                Press ? for help                                "
