---
source: src/app.rs
expression: terminal.backend()
snapshot_kind: text
---
"                                     Tiny FE                                    "
"|> /home/user                                                                   "
"┏━━━━━━━━━━━━━━━━━━━━━━━━━━━━━━━━━━━━━━━━━━━━━━━━━━━━━━━━━━━━━━━━━━━━━━━━━━━━━━┓"
"┃>.git/  a                                                                     ┃"
"┃ dir1/  s                                                                     ┃"
"┃ .gitignore                                                                   ┃"
"┃ Cargo.toml        ┌ Help ────────────────────────────────┐                   ┃"
"┃                   │Key Bindings:                         │                   ┃"
"┃                   │                                      │                   ┃"
"┃                   │> j/k or ↓/↑ - Move down/up           │                   ┃"
"┃                   │> g/G or Home/End - Go to top/bottom  │                   ┃"
"┃                   │> d/r - Switch category (d)irectory or│                   ┃"
"┃                   │(f)recent                             │                   ┃"
"┃                   │> Enter - Select item                 │                   ┃"
"┃                   │> ? - Toggle help                     │                   ┃"
"┃                   │> q or Esc - Quit                     │                   ┃"
"┃                   │> / - Search                          │                   ┃"
"┃                   └──────────────────────────────────────┘                   ┃"
"┃                                                                              ┃"
"┃                                                                              ┃"
"┃                                                                              ┃"
"┗━━━━━━━━━━━━━━━━━━━━━━━━━━━━━━━━━━━━━━━━━━━━━━━━━━━━━━━━━━━━━━━━━━━━━━━━━━━━━━┛"
" (d)irectory │ (f)recent                                                        "
"                                Press ? for help                                "
