---
source: src/app.rs
expression: terminal.backend()
snapshot_kind: text
---
"                                     Tiny FE                                    "
"|> /home/user                                                                   "
"┏━━━━━━━━━━━━━━━━━━━━━━━━━━━━━━━━━━━━━━━━━━━━━━━━━━━━━━━━━━━━━━━━━━━━━━━━━━━━━━┓"
"┃No results found for 'test'                                                   ┃"
"┃                                                                              ┃"
"┃                                                                              ┃"
"┗━━━━━━━━━━━━━━━━━━━━━━━━━━━━━━━━━━━━━━━━━━━━━━━━━━━━━━━━━━━━━━━━━━━━━━━━━━━━━━┛"
" (d)irectory │ (f)recent                                                        "
" /test                                                                          "
